
> output@0.1.0 test
> vitest run


[1m[30m[46m RUN [49m[39m[22m [36mv4.1.5 [39m[90m/home/ct-20026/ClaudeCodeTestProject/src/pipeline/output[39m

 [32m✓[39m src/app/hooks/useTodos.test.ts [2m([22m[2m9 tests[22m[2m)[22m[32m 44[2mms[22m[39m

[2m Test Files [22m [1m[32m1 passed[39m[22m[90m (1)[39m
[2m      Tests [22m [1m[32m9 passed[39m[22m[90m (9)[39m
[2m   Start at [22m 15:07:39
[2m   Duration [22m 1.39s[2m (transform 55ms, setup 98ms, import 150ms, tests 44ms, environment 900ms)[22m

